  Building GameAssembly.dll with MsvcWinRtToolChain
  	Msvc Install Version: 15.0
  	Msvc Install SDK Directory: C:\Program Files (x86)\Windows Kits\10
  	Msvc Linker Path: C:\Program Files (x86)\Microsoft Visual Studio\2019\Community\VC\Tools\MSVC\14.28.29333\bin\HostX64\ARM64\link.exe
  	Msvc Compiler Path: C:\Program Files (x86)\Microsoft Visual Studio\2019\Community\VC\Tools\MSVC\14.28.29333\bin\HostX64\ARM64\cl.exe
  
  	Output directory: C:\Users\disha\Desktop\github\CodeControlSpaceWeather\CodeControlSpaceWeather\App\build\bin\ARM64\Release
  	Cache directory: C:\Users\disha\Desktop\github\CodeControlSpaceWeather\CodeControlSpaceWeather\App\build\obj\il2cppOutputProject\ARM64\Release
  Il2CppGenericMethodTable.c
  Il2CppGenericMethodDefinitions.c
  Il2CppGenericClassTable.c
  Il2CppGenericMethodPointerTable.cpp
  Il2CppInteropDataTable.cpp
  Il2CppMetadataUsage.c
  Il2CppCompilerCalculateTypeValues1.cpp
  Il2CppCompilerCalculateTypeValues2.cpp
  Il2CppCompilerCalculateTypeValues.cpp
  Il2CppCompilerCalculateTypeValues3.cpp
  Il2CppInvokerTable.cpp
  GenericMethods2.cpp
  Il2CppAttributes.cpp
  mscorlib_CodeGen.c
  Il2CppGenericInstDefinitions.c
  Il2CppTypeDefinitions.c
  Microsoft.MixedReality.Toolkit.SDK2.cpp
  GenericMethods6.cpp
  GenericMethods12.cpp
  GenericMethods11.cpp
  Microsoft.MixedReality.Toolkit.Examples1.cpp
  Microsoft.MixedReality.Toolkit.SDK.cpp
  Generics61.cpp
  GenericMethods7.cpp
  GenericMethods13.cpp
  Unity.TextMeshPro2.cpp
  Microsoft.MixedReality.Toolkit.Examples.cpp
  Microsoft.MixedReality.Toolkit.SDK1.cpp
  Microsoft.MixedReality.Toolkit.SDK5.cpp
  Microsoft.MixedReality.Toolkit.SDK4.cpp
  System.Xml7.cpp
  Microsoft.MixedReality.Toolkit.SDK3.cpp
  Unity.TextMeshPro.cpp
  Microsoft.MixedReality.Toolkit.SDK6.cpp
  Il2CppComCallableWrappers2.cpp
  Microsoft.MixedReality.Toolkit4.cpp
  Microsoft.MixedReality.Toolkit.Services.InputSystem.cpp
  GenericMethods9.cpp
  Unity.TextMeshPro1.cpp
  UnityEngine.UIElementsModule.cpp
  Generics4.cpp
  Assembly-CSharp.cpp
  Generics11.cpp
  System.Xml2.cpp
  Generics29.cpp
  mscorlib12.cpp
  mscorlib6.cpp
  UnityEngine.UI.cpp
  Microsoft.MixedReality.Toolkit.cpp
  Generics2.cpp
  System.Xml3.cpp
  Generics3.cpp
  GenericMethods1.cpp
  System.Xml6.cpp
  System.Xml9.cpp
  Unity.TextMeshPro3.cpp
  System.Xml4.cpp
  Microsoft.MixedReality.Toolkit1.cpp
  Generics60.cpp
  System4.cpp
  Generics13.cpp
  System.Xml.cpp
  mscorlib5.cpp
  System.cpp
  Microsoft.MixedReality.Toolkit3.cpp
  UnresolvedVirtualCallStubs.cpp
  System.Xml10.cpp
  System3.cpp
  System5.cpp
  GenericMethods8.cpp
  GenericMethods10.cpp
  Microsoft.MixedReality.Toolkit2.cpp
  GenericMethods5.cpp
  Generics71.cpp
  Generics1.cpp
  Il2CppComCallableWrappers14.cpp
  Generics70.cpp
  Il2CppComCallableWrappers13.cpp
  mscorlib8.cpp
  mscorlib17.cpp
  System2.cpp
  System.Xml5.cpp
  Generics12.cpp
  mscorlib15.cpp
  System.Xml1.cpp
  mscorlib3.cpp
  Generics10.cpp
  GenericMethods.cpp
  mscorlib13.cpp
  System1.cpp
  mscorlib9.cpp
  Il2CppComCallableWrappers17.cpp
  Generics38.cpp
  mscorlib11.cpp
  mscorlib20.cpp
  UnityEngine.UI1.cpp
  mscorlib10.cpp
  mscorlib2.cpp
  Generics.cpp
  Generics64.cpp
  mscorlib1.cpp
  mscorlib.cpp
  Generics74.cpp
  Microsoft.MixedReality.Toolkit.Services.InputSimulation.cpp
  Unity.TextMeshPro4.cpp
  mscorlib14.cpp
  mscorlib18.cpp
  Generics50.cpp
  UnityEngine.UI2.cpp
  Generics36.cpp
  Generics14.cpp
  System.Xml8.cpp
  Il2CppComCallableWrappers34.cpp
  mscorlib21.cpp
  Il2CppComCallableWrappers26.cpp
  Il2CppComCallableWrappers1.cpp
  Generics63.cpp
  mscorlib4.cpp
  Il2CppComCallableWrappers31.cpp
  GenericMethods4.cpp
  Il2CppComCallableWrappers12.cpp
  UnityEngine.CoreModule1.cpp
  mscorlib16.cpp
  Il2CppComCallableWrappers29.cpp
  Generics62.cpp
  Il2CppComCallableWrappers.cpp
  mscorlib19.cpp
  mscorlib7.cpp
  UnityEngine.CoreModule.cpp
  Il2CppComCallableWrappers6.cpp
  Generics72.cpp
  Il2CppComCallableWrappers23.cpp
  Il2CppComCallableWrappers40.cpp
  Generics49.cpp
  Generics48.cpp
  Il2CppComCallableWrappers24.cpp
  Il2CppComCallableWrappers33.cpp
  Il2CppComCallableWrappers7.cpp
  Il2CppComCallableWrappers37.cpp
  Generics75.cpp
  Il2CppComCallableWrappers32.cpp
  Il2CppComCallableWrappers30.cpp
  Il2CppComCallableWrappers11.cpp
  Il2CppComCallableWrappers20.cpp
  Il2CppComCallableWrappers21.cpp
  Il2CppComCallableWrappers25.cpp
  Il2CppComCallableWrappers28.cpp
  Generics69.cpp
  Il2CppComCallableWrappers35.cpp
  Il2CppComCallableWrappers22.cpp
  Generics52.cpp
  Generics37.cpp
  Il2CppComCallableWrappers36.cpp
  Microsoft.MixedReality.Toolkit.Providers.WindowsMixedReality.cpp
  Generics45.cpp
  Il2CppComCallableWrappers19.cpp
  Il2CppComCallableWrappers41.cpp
  Il2CppComCallableWrappers27.cpp
  Generics51.cpp
  Mono.Security.cpp
  Il2CppComCallableWrappers8.cpp
  Generics76.cpp
  Generics5.cpp
  Generics53.cpp
  Il2CppComCallableWrappers38.cpp
  Generics15.cpp
  Il2CppComCallableWrappers18.cpp
  Il2CppComCallableWrappers4.cpp
  Il2CppComCallableWrappers16.cpp
  Generics57.cpp
  Generics73.cpp
  Generics66.cpp
  Il2CppComCallableWrappers39.cpp
  Generics56.cpp
  Generics25.cpp
  Il2CppComCallableWrappers15.cpp
  Generics78.cpp
  Generics18.cpp
  Generics55.cpp
  UnityEngine.CoreModule2.cpp
  Generics39.cpp
  Generics17.cpp
  Il2CppComCallableWrappers5.cpp
  Generics19.cpp
  Microsoft.MixedReality.Toolkit.Gltf.cpp
  Generics65.cpp
  Il2CppComCallableWrappers9.cpp
  Generics30.cpp
  Generics28.cpp
  Generics68.cpp
  Generics42.cpp
  Generics54.cpp
  Generics16.cpp
  Generics67.cpp
  Generics79.cpp
  Generics35.cpp
  Generics21.cpp
  Generics44.cpp
  Generics59.cpp
  Generics58.cpp
  Generics20.cpp
  Il2CppComCallableWrappers3.cpp
  Generics80.cpp
  Generics26.cpp
  Generics9.cpp
  Generics43.cpp
  Il2CppProjectedComCallableWrapperMethods3.cpp
  Generics27.cpp
  System.Xml_CodeGen.c
  Il2CppProjectedComCallableWrapperMethods2.cpp
  Il2CppProjectedComCallableWrapperMethods1.cpp
  Generics77.cpp
  Il2CppProjectedComCallableWrapperMethods4.cpp
  Il2CppComCallableWrappers10.cpp
  Generics22.cpp
  Il2CppProjectedComCallableWrapperMethods.cpp
  Generics47.cpp
  Il2CppProjectedComCallableWrapperMethods5.cpp
  Generics23.cpp
  Generics24.cpp
  Generics32.cpp
  Generics6.cpp
  Generics41.cpp
  Generics34.cpp
  Microsoft.MixedReality.Toolkit.SDK_CodeGen.c
  Generics8.cpp
  Generics33.cpp
  Generics31.cpp
  GenericMethods3.cpp
  Generics40.cpp
  Generics7.cpp
  I18N.Rare.cpp
  Il2CppGenericComDefinitions.cpp
  Il2CppCompilerCalculateTypeValuesTable.cpp
  Microsoft.MixedReality.Toolkit_CodeGen.c
  Generics46.cpp
  Il2CppProjectedComCallableWrapperMethods6.cpp
  Microsoft.MixedReality.Toolkit.Services.SceneSystem.cpp
  System.Xml11.cpp
  Microsoft.MixedReality.Toolkit.Examples2.cpp
  UnityEngine.VRModule.cpp
  Microsoft.MixedReality.Toolkit.SDK7.cpp
  Il2CppComCallableWrappers42.cpp
  System_CodeGen.c
  Microsoft.MixedReality.Toolkit.Providers.XRSDK.cpp
  UnityEngine.IMGUIModule.cpp
  WindowsRuntimeMetadata.cpp
  Microsoft.MixedReality.Toolkit5.cpp
  System.Runtime.WindowsRuntime.cpp
  Unity.XR.WindowsMixedReality.cpp
  UnityEngine.UI3.cpp
  Microsoft.MixedReality.Toolkit.Extensions.SceneTransitionService.cpp
  UnityEngine.CoreModule_CodeGen.c
  I18N.CJK.cpp
  Microsoft.MixedReality.Toolkit.Services.DiagnosticsSystem.cpp
  Microsoft.MixedReality.Toolkit.Extensions.HandPhysics.cpp
  UnityEngine.XRModule.cpp
  I18N.West.cpp
  Microsoft.MixedReality.Toolkit.Services.InputAnimation.cpp
  I18N.cpp
  Microsoft.MixedReality.Toolkit.Providers.XRSDK.WindowsMixedReality.cpp
  I18N.Rare1.cpp
  UnityEngine.AndroidJNIModule.cpp
  UnityEngine.UnityWebRequestModule.cpp
  Microsoft.MixedReality.Toolkit.Providers.WindowsVoiceInput.cpp
  UnityEngine.UI_CodeGen.c
  Unity.TextMeshPro_CodeGen.c
  Microsoft.MixedReality.Toolkit.Providers.WindowsMixedReality.Shared.cpp
  char-conversions.cpp
  Microsoft.MixedReality.Toolkit.Examples_CodeGen.c
  Microsoft.MixedReality.Toolkit.Services.InputSystem1.cpp
  mscorlib22.cpp
  I18N.Other.cpp
  System6.cpp
  Microsoft.MixedReality.Toolkit.Async.cpp
  UnityEngine.PhysicsModule.cpp
  System.Core.cpp
  UnityEngine.AnimationModule.cpp
  UnityEngine.TerrainModule.cpp
  I18N.MidEast.cpp
  UnityEngine.TextCoreModule.cpp
  Mono.Security1.cpp
  UnityEngine.UIElementsModule1.cpp
  Unity.TextMeshPro5.cpp
  UnityEngine.TextRenderingModule.cpp
  UnityEngine.UIModule.cpp
  UnityEngine.UIElementsModule_CodeGen.c
  Microsoft.MixedReality.Toolkit.Demos.Gltf.cpp
  Microsoft.MixedReality.Toolkit.Services.TeleportSystem.cpp
  System.Numerics.cpp
  Microsoft.MixedReality.Toolkit.Services.SpatialAwarenessSystem.cpp
  Unity.XR.ARSubsystems.cpp
  UnityEngine.SpatialTracking.cpp
  Microsoft.MixedReality.Toolkit.Extensions.Tracking.cpp
  UnityEngine.SharedInternalsModule.cpp
  UnityEngine.Physics2DModule.cpp
  UnityEngine.ParticleSystemModule.cpp
  Microsoft.MixedReality.Toolkit.Services.CameraSystem.cpp
  Unity.XR.Management.cpp
  Microsoft.MixedReality.Toolkit.Services.InputSystem_CodeGen.c
  Microsoft.MixedReality.Toolkit.Tools.Runtime.cpp
  Assembly-CSharp_CodeGen.c
  UnityEngine.InputLegacyModule.cpp
  WindowsRuntimeMetadata_CodeGen.c
  Microsoft.MixedReality.Toolkit.Services.InputSimulation_CodeGen.c
  UnityEngine.AudioModule.cpp
  Mono.Security_CodeGen.c
  UnityEngine.SubsystemsModule.cpp
  Microsoft.MixedReality.Toolkit.Demos.UX.Interactables.cpp
  UnityEngine.VRModule_CodeGen.c
  Unity.XR.InteractionSubsystems.cpp
  Unity.XR.WindowsMixedReality_CodeGen.c
  UnityEngine.IMGUIModule_CodeGen.c
  UnityEngine.TilemapModule.cpp
  Microsoft.MixedReality.Toolkit.Services.BoundarySystem.cpp
  deflate.c
  Microsoft.MixedReality.Toolkit.Providers.WindowsMixedReality_CodeGen.c
  UnityEngine.UnityAnalyticsModule.cpp
  UnityEngine.VideoModule.cpp
  System.Runtime.WindowsRuntime_CodeGen.c
  I18N.Rare_CodeGen.c
  UnityEngine.AndroidJNIModule_CodeGen.c
  Microsoft.MixedReality.Toolkit.Gltf_CodeGen.c
  I18N.CJK_CodeGen.c
  inflate.c
  UnityEngine.VFXModule.cpp
  Microsoft.MixedReality.Toolkit.Services.SceneSystem_CodeGen.c
  System.Core_CodeGen.c
  System.Configuration.cpp
  UnityEngine.PhysicsModule_CodeGen.c
  UnityEngine.InputModule.cpp
  Assembly-CSharp1.cpp
  GenericMethods14.cpp
  UnityEngine.JSONSerializeModule.cpp
  trees.c
  Microsoft.MixedReality.Toolkit.Extensions.SceneTransitionService_CodeGen.c
  Microsoft.MixedReality.Toolkit.Services.InputAnimation_CodeGen.c
  UnityEngine.XRModule_CodeGen.c
  Unity.Subsystem.Registration.cpp
  Microsoft.MixedReality.Toolkit.Async_CodeGen.c
  UnityEngine.UnityWebRequestModule_CodeGen.c
  Microsoft.MixedReality.Toolkit.Services.DiagnosticsSystem_CodeGen.c
  UnityEngine.TextCoreModule_CodeGen.c
  UnityEngine.AssetBundleModule.cpp
  xamarin_getifaddrs.c
  I18N_CodeGen.c
  UnityEngine.AnimationModule_CodeGen.c
  UnityEngine.UIModule_CodeGen.c
  UnityEngine.ARModule.cpp
  System.Runtime.WindowsRuntime.UI.Xaml.cpp
  I18N.West_CodeGen.c
  infback.c
  Unity.XR.ARSubsystems_CodeGen.c
  Microsoft.MixedReality.Toolkit.Demos.InspectorFields.cpp
  il2cpp-api.cpp
  UnityEngine.AIModule.cpp
  UnityEngine.DirectorModule.cpp
  Microsoft.MixedReality.Toolkit.Providers.WindowsMixedReality.Shared_CodeGen.c
  I18N.Other_CodeGen.c
  UnityEngine.ParticleSystemModule_CodeGen.c
  gzread.c
C:\Users\disha\Desktop\github\CodeControlSpaceWeather\CodeControlSpaceWeather\App\Il2CppOutputProject\IL2CPP\external\zlib\gzread.c(319): warning C4267: '=': conversion from 'size_t' to 'unsigned int', possible loss of data
C:\Users\disha\Desktop\github\CodeControlSpaceWeather\CodeControlSpaceWeather\App\Il2CppOutputProject\IL2CPP\external\zlib\gzread.c(400): warning C4267: '=': conversion from 'size_t' to 'unsigned int', possible loss of data
C:\Users\disha\Desktop\github\CodeControlSpaceWeather\CodeControlSpaceWeather\App\Il2CppOutputProject\IL2CPP\external\zlib\gzread.c(472): warning C4267: '=': conversion from 'size_t' to 'int', possible loss of data
  Microsoft.MixedReality.Toolkit.Providers.XRSDK_CodeGen.c
  Microsoft.MixedReality.Toolkit.Providers.WindowsVoiceInput_CodeGen.c
  Unity.XR.Management_CodeGen.c
  gzwrite.c
C:\Users\disha\Desktop\github\CodeControlSpaceWeather\CodeControlSpaceWeather\App\Il2CppOutputProject\IL2CPP\external\zlib\gzwrite.c(212): warning C4267: '=': conversion from 'size_t' to 'unsigned int', possible loss of data
C:\Users\disha\Desktop\github\CodeControlSpaceWeather\CodeControlSpaceWeather\App\Il2CppOutputProject\IL2CPP\external\zlib\gzwrite.c(232): warning C4267: '=': conversion from 'size_t' to 'unsigned int', possible loss of data
C:\Users\disha\Desktop\github\CodeControlSpaceWeather\CodeControlSpaceWeather\App\Il2CppOutputProject\IL2CPP\external\zlib\gzwrite.c(371): warning C4267: '=': conversion from 'size_t' to 'int', possible loss of data
  UnityEngine.TextRenderingModule_CodeGen.c
  UnityEngine.SharedInternalsModule_CodeGen.c
  UnityEngine.AudioModule_CodeGen.c
  gzlib.c
  Microsoft.MixedReality.Toolkit.Extensions.HandPhysics_CodeGen.c
  Microsoft.MixedReality.Toolkit.Providers.XRSDK.WindowsMixedReality_CodeGen.c
  UnityEngine.Physics2DModule_CodeGen.c
  UnityEngine.TerrainModule_CodeGen.c
  UnityEngine.SubsystemsModule_CodeGen.c
  inftrees.c
  crc32.c
  UnityEngine.SpatialTracking_CodeGen.c
  UnityEngine.InputLegacyModule_CodeGen.c
  inffast.c
  Il2CppCodeRegistration.cpp
  Unity.XR.InteractionSubsystems_CodeGen.c
  I18N.MidEast_CodeGen.c
  Microsoft.MixedReality.Toolkit.Extensions.Tracking_CodeGen.c
  Microsoft.MixedReality.Toolkit.Services.SpatialAwarenessSystem_CodeGen.c
  System.Numerics_CodeGen.c
  UnityEngine.TilemapModule_CodeGen.c
  Microsoft.MixedReality.Toolkit.Services.TeleportSystem_CodeGen.c
  UnityEngine.VideoModule_CodeGen.c
  Il2CppReversePInvokeWrapperTable.cpp
  Microsoft.MixedReality.Toolkit.Demos.UX.Interactables_CodeGen.c
  UnityEngine.ImageConversionModule.cpp
  zutil.c
  Microsoft.MixedReality.Toolkit.Services.CameraSystem_CodeGen.c
  UnityEngine.UnityAnalyticsModule_CodeGen.c
  System.Configuration_CodeGen.c
  UnityEngine.VFXModule_CodeGen.c
  adler32.c
  UnityEngine.GridModule.cpp
  UnityEngine.InputModule_CodeGen.c
  Microsoft.MixedReality.Toolkit.Demos.Gltf_CodeGen.c
  Microsoft.MixedReality.Toolkit.Services.BoundarySystem_CodeGen.c
  uncompr.c
  Lump_libil2cpp_icalls.cpp
  compress.c
  System.Runtime.WindowsRuntime.UI.Xaml_CodeGen.c
  Microsoft.MixedReality.Toolkit.Tools.Runtime_CodeGen.c
  UnityEngine.JSONSerializeModule_CodeGen.c
  UnityEngine.AIModule_CodeGen.c
  UnityEngine.ARModule_CodeGen.c
  UnityAdsStubs.cpp
  krait_signal_handler.c
  Microsoft.MixedReality.Toolkit.Demos.InspectorFields_CodeGen.c
  UnityEngine.DirectorModule_CodeGen.c
  Unity.Subsystem.Registration_CodeGen.c
  UnityEngine.AssetBundleModule_CodeGen.c
  UnityEngine.ImageConversionModule_CodeGen.c
  Lump_libil2cpp_utils.cpp
  Lump_libil2cpp_metadata.cpp
  Il2CppMetadataRegistration.c
  System.ObjectModel.cpp
  System.Numerics.Vectors.cpp
  System.Runtime.cpp
  System.Runtime.InteropServices.WindowsRuntime.cpp
  UnityEngine.cpp
  UnityEngine.GridModule_CodeGen.c
  gzclose.c
  il2cpp-benchmark-support.cpp
  System.Runtime.InteropServices.WindowsRuntime_CodeGen.c
  gc.c
  System.Numerics.Vectors_CodeGen.c
  Lump_libil2cpp_gc.cpp
  System.Runtime_CodeGen.c
  UnityEngine_CodeGen.c
  System.ObjectModel_CodeGen.c
  Lump_libil2cpp_vm-utils.cpp
  Lump_libil2cpp_mono-runtime.cpp
  Lump_libil2cpp_mono.cpp
  Lump_libil2cpp_debugger.cpp
  il2cpp-runtime-stats.cpp
  Lump_libil2cpp_codegen.cpp
  Lump_libil2cpp_os.cpp
  Lump_libil2cpp_vm.cpp
  ObjectFiles: 442 of which compiled: 442
  	Time Compile: 27839 milliseconds Unity.TextMeshPro3.cpp
  	Time Compile: 25853 milliseconds mscorlib7.cpp
  	Time Compile: 25021 milliseconds Unity.TextMeshPro4.cpp
  	Time Compile: 24288 milliseconds Lump_libil2cpp_os.cpp
  	Time Compile: 23622 milliseconds Lump_libil2cpp_vm.cpp
  	Time Compile: 20495 milliseconds Il2CppComCallableWrappers39.cpp
  	Time Compile: 19888 milliseconds System5.cpp
  	Time Compile: 18692 milliseconds Il2CppComCallableWrappers38.cpp
  	Time Compile: 18666 milliseconds Il2CppComCallableWrappers34.cpp
  	Time Compile: 17596 milliseconds Il2CppComCallableWrappers27.cpp
  Total compilation time: 338757 milliseconds.
  Creating library C:\Users\disha\Desktop\github\CodeControlSpaceWeather\CodeControlSpaceWeather\App\build\obj\il2cppOutputProject\ARM64\Release\linkresult_234573F0737A88889350B3A04B75D607\GameAssembly.lib and object C:\Users\disha\Desktop\github\CodeControlSpaceWeather\CodeControlSpaceWeather\App\build\obj\il2cppOutputProject\ARM64\Release\linkresult_234573F0737A88889350B3A04B75D607\GameAssembly.exp
  Total link time: 32717 milliseconds.
  Cleaned up 2 object files.
